// Jest Snapshot v1, https://goo.gl/fbAQLP

exports[`MeasureStationsList should render list 1`] = `
<div
  className="columns is-multiline"
>
  <Station
    key="2"
    station={
      Object {
        "active": true,
        "name": "GÃ³rki Zachodnie",
        "no": 2,
        "rain": false,
        "water": false,
        "winddir": false,
        "windlevel": false,
      }
    }
  />
</div>
`;
